---
source: src/app/render.rs
expression: output
---
"┌ Results ─────────────────────────────────────────────────────────────────────┐"
"│{                                                                             │"
"│  "test": true                                                                │"
"│}                                                                             │"
"│                                                                              │"
"│                                                                              │"
"│                                                                              │"
"│                                                                              │"
"│                                                                              │"
"│                                                                              │"
"│                                                                              │"
"│                                                                              │"
"│                                                                              │"
"│                                                                              │"
"│                                                                              │"
"│                                                                              │"
"│                                                                              │"
"│                                                                              │"
"│                                                                              │"
"└──────────────────────────────────────────────────────────────────────────────┘"
"┌ Query [OPERATOR(d)] ─────────────────────────────────────────────────────────┐"
"│                                                                              │"
"└──────────────────────────────────────────────────────────────────────────────┘"
" F1/?: Help | Shift+Tab: Switch Focus | Enter: Exit with Results | Ctrl+Q: Exit "
