---
source: src/ai/ai_render_tests/snapshot_tests.rs
assertion_line: 222
expression: output
---
"                                                                                                    "
"                                                                                                    "
"                                                                                                    "
"                                                                                                    "
"                                                                                                    "
"                                                                                                    "
"                                                                                                    "
"                                                                                                    "
"                                                                                                    "
"                                                                                                    "
"                                                                                                    "
"                                                                                                    "
"                                                                                                    "
"                                                                                                    "
"                                                                                                    "
"                                                                                                    "
"                                                       ╭ Bedrock ─────────────── claude-haiku-4-5 ╮ "
"                                                       │                                          │ "
"                                                       │ ✓ No suggestions                         │ "
"                                                       │                                          │ "
"                                                       │ The AI had no suggestions for this       │ "
"                                                       │ query.                                   │ "
"                                                       │                                          │ "
"                                                       │                                          │ "
"                                                       │                                          │ "
"                                                       ╰────────────── Ctrl+A Close ──────────────╯ "
"                                                                                                    "
"                                                                                                    "
"                                                                                                    "
"                                                                                                    "
