---
source: src/ai/ai_render_tests/model_name_tests.rs
assertion_line: 251
expression: output
---
"                                                                                "
"                                                                                "
"                                                                                "
"                                                                                "
"                                                                                "
"                                                                                "
"                                                                                "
"                                                                                "
"                                                                                "
"                                                                                "
"                                                                                "
"                                                                                "
"                                                                                "
"                                                                                "
"                                                                                "
"                                                                                "
"                                       ╭ Bedrock ───────── anthropic.claud... ╮ "
"                                       │                                      │ "
"                                       │                                      │ "
"                                       │                                      │ "
"                                       │                                      │ "
"                                       │                                      │ "
"                                       │                                      │ "
"                                       │                                      │ "
"                                       │                                      │ "
"                                       ╰──────────── Ctrl+A Close ────────────╯ "
"                                                                                "
"                                                                                "
"                                                                                "
"                                                                                "
