---
source: src/ai/ai_render_tests/model_name_tests.rs
expression: output
---
"                                                                                "
"                                                                                "
"                                                                                "
"                                                                                "
"                                                                                "
"                                                                                "
"                                                                                "
"                                                                                "
"                                                                                "
"                                                                                "
"                                                                                "
"                                                                                "
"                                                                                "
"                                                                                "
"                                                                                "
"                                                                                "
"                                                                                "
"                                                                                "
"                                                                                "
"                                                                                "
"                                       ╭ Bedrock ───────── anthropic.claud... ╮ "
"                                       │                                      │ "
"                                       │ ──────────────────────────────────── │ "
"                                       │ ›  Ask about this query or data…     │ "
"                                       │                                      │ "
"                                       ╰───── Ctrl+G Chat • Ctrl+A Close ─────╯ "
"                                                                                "
"                                                                                "
"                                                                                "
"                                                                                "
