---
source: src/ai/ai_render_tests/snapshot_tests.rs
assertion_line: 202
expression: output
---
"                                                                                                    "
"                                                                                                    "
"                                                                                                    "
"                                                                                                    "
"                                                                                                    "
"                                                                                                    "
"                                                                                                    "
"                                                                                                    "
"                                                                                                    "
"                                                                                                    "
"                                                                                                    "
"                                                                                                    "
"                                                                                                    "
"                                                                                                    "
"                                                                                                    "
"                                                                                                    "
"                                                       ╭ Anthropic ───────── claude-3-5-sonnet... ╮ "
"                                                       │                                          │ "
"                                                       │ ⚠ Could not parse AI response            │ "
"                                                       │                                          │ "
"                                                       │ The response did not match the expected  │ "
"                                                       │ format.                                  │ "
"                                                       │                                          │ "
"                                                       │                                          │ "
"                                                       │                                          │ "
"                                                       ╰────────────── Ctrl+A Close ──────────────╯ "
"                                                                                                    "
"                                                                                                    "
"                                                                                                    "
"                                                                                                    "
