---
source: src/ai/ai_render_tests/snapshot_tests.rs
expression: output
---
"                                                                                                    "
"                                                                                                    "
"                                                                                                    "
"                                                                                                    "
"                                                                                                    "
"                                                                                                    "
"                                                                                                    "
"                                                                                                    "
"                                                                                                    "
"                                                                                                    "
"                                                                                                    "
"                                                                                                    "
"                                                                                                    "
"                                                                                                    "
"                                                                                                    "
"                                                                                                    "
"                                                       ┌ AI Assistant  to apply | Ctrl+A to close ┐ "
"                                                       │1. [Fix] .users[] | select(.active)       │ "
"                                                       │   Filters to only active users           │ "
"                                                       │                                          │ "
"                                                       │                                          │ "
"                                                       │                                          │ "
"                                                       │                                          │ "
"                                                       │                                          │ "
"                                                       │                                          │ "
"                                                       └──────────────────────────────────────────┘ "
"                                                                                                    "
"                                                                                                    "
"                                                                                                    "
"                                                                                                    "
