---
source: src/ai/ai_render_tests/snapshot_tests.rs
assertion_line: 501
expression: output
---
"                                                                                                    "
"                                                                                                    "
"                                                                                                    "
"                                                                                                    "
"                                                                                                    "
"                                                                                                    "
"                                                                                                    "
"                                                                                                    "
"                                                                                                    "
"                                                                                                    "
"                                                                                                    "
"                                                                                                    "
"                                                                                                    "
"                                                                                                    "
"                                                                                                    "
"                                                                                                    "
"                                                       ╭ Bedrock ─────────── anthropic.claude-... ╮ "
"                                                       │                                          │ "
"                                                       │ ⚠ Could not parse AI response            │ "
"                                                       │                                          │ "
"                                                       │ The response did not match the expected  │ "
"                                                       │ format.                                  │ "
"                                                       │                                          │ "
"                                                       │                                          │ "
"                                                       │                                          │ "
"                                                       ╰────────────── Ctrl+A Close ──────────────╯ "
"                                                                                                    "
"                                                                                                    "
"                                                                                                    "
"                                                                                                    "
