---
source: src/ai/ai_render_tests/spacing_tests.rs
expression: output
---
"                                                                                                    "
"                                                                                                    "
"                                                                                                    "
"                                                                                                    "
"                                                                                                    "
"                                                                                                    "
"                                                                                                    "
"                                                                                                    "
"                                                                                                    "
"                                                                                                    "
"                                                                                                    "
"                                                                                                    "
"                                                                                                    "
"                                                       ╭ Anthropic ────── (3/3) claude-3-5-son... ╮ "
"                                                       │                                          ║ "
"                                                       │    First suggestion                      █ "
"                                                       │                                          █ "
"                                                       │ 2. [Query] .second                       █ "
"                                                       │    Second suggestion                     █ "
"                                                       │                                          █ "
"                                                       │ 3. [Optimize] .third                     █ "
"                                                       │    Third suggestion                      █ "
"                                                       │ ──────────────────────────────────────── █ "
"                                                       │ ›  Ask about this query or data…         │ "
"                                                       │                                          │ "
"                                                       ╰ • Alt+↑↓ Select • Enter Apply Selection •╯ "
"                                                                                                    "
"                                                                                                    "
"                                                                                                    "
"                                                                                                    "
