---
source: src/ai/ai_render_tests/snapshot_tests.rs
expression: output
---
"                                                                                                    "
"                                                                                                    "
"                                                                                                    "
"                                                                                                    "
"                                                                                                    "
"                                                                                                    "
"                                                                                                    "
"                                                                                                    "
"                                                                                                    "
"                                                                                                    "
"                                                                                                    "
"                                                                                                    "
"                                                                                                    "
"                                                                                                    "
"                                                                                                    "
"                                                                                                    "
"                                                       ┌ Anthropic ────────────── Ctrl+A to close ┐ "
"                                                       │⏳ Thinking...                            │ " Hidden by multi-width symbols: [(57, " ")]
"                                                       │                                          │ "
"                                                       │                                          │ "
"                                                       │                                          │ "
"                                                       │                                          │ "
"                                                       │                                          │ "
"                                                       │                                          │ "
"                                                       │                                          │ "
"                                                       └──────────────────────────────────────────┘ "
"                                                                                                    "
"                                                                                                    "
"                                                                                                    "
"                                                                                                    "
