---
source: src/search/search_render_tests.rs
expression: output
---
"┌ Search: ────────────────────────────────────────────────────────────── (0/0) ┐"
"│                                                                              │"
"└──────────────────────────────────────────────────────────────────────────────┘"
