---
source: src/save/save_render_tests.rs
expression: out
---
"                                                                                "
"        ╭ Save Result to file ─────────────────────────────────────────╮        "
"        │                                                              │        "
"        │  Path:                                                       │        "
"        │  ╭────────────────────────────────────────────────────────╮  │        "
"        │  │                                                        │  │        "
"        │  ╰────────────────────────────────────────────────────────╯  │        "
"        │  ✕ filename is empty                                         │        "
"        │                                                              │        "
"        │                                                              │        "
"        ╰────────────────── Enter Save • Esc Cancel ───────────────────╯        "
"                                                                                "
