---
source: src/snippets/snippet_render_tests.rs
expression: output
---
"                                                                                "
"                                                                                "
"                                                                                "
"                                                                                "
"                                                                                "
"                                                                                "
"     ╭ Replace Snippet Query ─────────────────────────────────────────────╮     "
"     │                                                                    │     "
"     │ Replace query for "AAAAAAAAAAAAAAAAAAAAAAAAAAAAAAAAAAAAAAA…"?      │     "
"     │                                                                    │     "
"     │ Old query:                                                         │     "
"     │   .old                                                             │     "
"     │                                                                    │     "
"     │ New query:                                                         │     "
"     │   .brand_new_query                                                 │     "
"     │                                                                    │     "
"     │ Enter Confirm • Esc Cancel                                         │     "
"     ╰────────────────────────────────────────────────────────────────────╯     "
"                                                                                "
"                                                                                "
"                                                                                "
"                                                                                "
"                                                                                "
"                                                                                "
