---
source: src/snippets/snippet_render_tests.rs
expression: output
---
"┌ Name ────────────────────────────────────────────────────────────────────────┐"
"│                                                                              │"
"└──────────────────────────────────────────────────────────────────────────────┘"
"┌ Query (from current) ────────────────────────────────────────────────────────┐"
"│ .data[] | select(.status == "active" and .type == "premium") | {id, name,    │"
"│ email}                                                                       │"
"└──────────────────────────────────────────────────────────────────────────────┘"
"                                                                                "
"                                                                                "
"                                                                                "
"                                                                                "
"                                                                                "
"                                                                                "
"                                                                                "
"                                                                                "
"                                                                                "
"                                                                                "
"┌──────────────────────────────────────────────────────────────────────────────┐"
"│ [Enter] Save  [Esc] Cancel                                                   │"
"└──────────────────────────────────────────────────────────────────────────────┘"
"                                                                                "
"                                                                                "
"                                                                                "
"                                                                                "
