---
source: src/snippets/snippet_render_tests.rs
expression: output
---
"┌ Rename Snippet ──────────────────────────────────────────────────────────────┐"
"│New Name                                                                      │"
"└──────────────────────────────────────────────────────────────────────────────┘"
"                                                                                "
"                                                                                "
"                                                                                "
"                                                                                "
"                                                                                "
"                                                                                "
"                                                                                "
"                                                                                "
"                                                                                "
"                                                                                "
"                                                                                "
"                                                                                "
"                                                                                "
"                                                                                "
"┌──────────────────────────────────────────────────────────────────────────────┐"
"│ [Enter] Save  [Esc] Cancel                                                   │"
"└──────────────────────────────────────────────────────────────────────────────┘"
"                                                                                "
"                                                                                "
"                                                                                "
"                                                                                "
