---
source: src/snippets/snippet_render_tests.rs
expression: output
---
"┌ Rename Snippet ──────────────────────┐"
"│My Snippet                            │"
"└──────────────────────────────────────┘"
"                                        "
"                                        "
"                                        "
"                                        "
"                                        "
"                                        "
"                                        "
"                                        "
"                                        "
"┌──────────────────────────────────────┐"
"│ [Enter] Save  [Esc] Cancel           │"
"└──────────────────────────────────────┘"
"                                        "
"                                        "
"                                        "
"                                        "
"                                        "
