---
source: src/snippets/snippet_render_tests.rs
expression: output
---
"┌ Name ────────────────────────────────────────────────────────────────────────┐"
"│My Snippet                                                                    │"
"└──────────────────────────────────────────────────────────────────────────────┘"
"┌ Query (from current) ────────────────────────────────────────────────────────┐"
"│ .test | keys                                                                 │"
"└──────────────────────────────────────────────────────────────────────────────┘"
"                                                                                "
"                                                                                "
"                                                                                "
"                                                                                "
"                                                                                "
"                                                                                "
"                                                                                "
"                                                                                "
"                                                                                "
"                                                                                "
"                                                                                "
"┌──────────────────────────────────────────────────────────────────────────────┐"
"│ [Enter] Save  [Esc] Cancel                                                   │"
"└──────────────────────────────────────────────────────────────────────────────┘"
"                                                                                "
"                                                                                "
"                                                                                "
"                                                                                "
