---
source: src/snippets/snippet_render_tests.rs
expression: output
---
"┌ Edit Query ──────────────────────────────────────────────────────────────────┐"
"│.test                                                                         │"
"│                                                                              │"
"└──────────────────────────────────────────────────────────────────────────────┘"
"                                                                                "
"                                                                                "
"                                                                                "
"                                                                                "
"                                                                                "
"                                                                                "
