---
source: src/snippets/snippet_render_tests.rs
expression: output
---
"╭ Edit Snippet - Query ────────────────────────────────────────────────────────╮"
"│.test | keys                                                                  │"
"│                                                                              │"
"╰──────────────────────────────────────────────────────────────────────────────╯"
"                                                                                "
"                                                                                "
"                                                                                "
"                                                                                "
"                                                                                "
"                                                                                "
