---
source: src/snippets/snippet_render_tests.rs
expression: output
---
"┌ Snippets ────────────────────────────┐"
"│   No snippets yet. Press 'n' to creat│"
"│                                      │"
"│                                      │"
"│                                      │"
"│                                      │"
"│                                      │"
"│                                      │"
"│                                      │"
"│                                      │"
"│                                      │"
"└──────────────────────────────────────┘"
"┌ Query Preview ───────────────────────┐"
"│ No snippet selected                  │"
"└──────────────────────────────────────┘"
"                                        "
"                                        "
"                                        "
"                                        "
"                                        "
