---
source: src/input/input_render_tests.rs
assertion_line: 147
expression: output
---
"╭   ⚠ Syntax Error   Object | Showing last successful result ───── L1-3/3 (0%) ╮"
"▌{                                                                             │"
"│  "name": "Alice"                                                             │"
"│}                                                                             │"
"│                                                                              │"
"│                                                                              │"
"│                                                                              │"
"│                                                                              │"
"│                                                                              │"
"│                                                                              │"
"│                                                                              │"
"│                                                                              │"
"│                                                                              │"
"│                                                                              │"
"│                                                                              │"
"│                                                                              │"
"│                                                                              │"
"│                                                                              │"
"│                                                                              │"
"╰Edit Query • i Edit Query • > value • * iterate • ^ parent • } wrap • ]/[ sibl╯"
"╭ Query [NORMAL] (press 'i' to edit) ───────────────────── Ctrl+A AI Assistant ╮"
"│.invalid[                                                                     │"
"╰──────────────────────────────────────────────────────────────────────────────╯"
" F1/? Help • Shift+Tab Edit Query • Ctrl+S Snippets • Ctrl+F Search • Ctrl+C Qui"
