---
source: src/input/input_render_tests.rs
expression: output
---
"┌ Query [NORMAL] (press 'i' to edit) ─────────── Press Ctrl+A for AI Assistant ┐"
"│                                                                              │"
"└──────────────────────────────────────────────────────────────────────────────┘"
