---
source: src/input/input_render_tests.rs
assertion_line: 54
expression: output
---
"╭ Object  · . ──────────────────────────────────────────────────── L1-1/1 (0%) ╮"
"▌"Alice"                                                                       │"
"│                                                                              │"
"│                                                                              │"
"│                                                                              │"
"│                                                                              │"
"│                                                                              │"
"│                                                                              │"
"│                                                                              │"
"│                                                                              │"
"│                                                                              │"
"│                                                                              │"
"│                                                                              │"
"│                                                                              │"
"│                                                                              │"
"│                                                                              │"
"│                                                                              │"
"│                                                                              │"
"│                                                                              │"
"╰───── Ctrl+T Edit Query • i Edit Query • > value • * iterate • ^ parent ──────╯"
"╭ Query [INSERT] ───────────────────────────────────────── Ctrl+A AI Assistant ╮"
"│.name                                                                         │"
"╰──────────────────────────────────────────────────────────────────────────────╯"
" F1/? Help • Ctrl+T Edit Query • Ctrl+S Snippets • Ctrl+F Search • Ctrl+W Save •"
