---
source: src/app/app_render_tests/search_tests.rs
assertion_line: 236
expression: output
---
"╭ Object  · .name ──────────────────────────────────────────────── L1-4/4 (0%) ╮"
"▌{                                                                             │"
"│  "name": "Alice",                                                            │"
"│  "email": "alice@example.com"                                                │"
"│}                                                                             │"
"│                                                                              │"
"│                                                                              │"
"│                                                                              │"
"│                                                                              │"
"│                                                                              │"
"│                                                                              │"
"│                                                                              │"
"│                                                                              │"
"│                                                                              │"
"│                                                                              │"
"│                                                                              │"
"│                                                                              │"
"│                                                                              │"
"│                                                                              │"
"╰ Enter Next • > value • * iterate • ^ parent • } wrap • ]/[ siblings • Ctrl+F ╯"
"╭ Search ──────────────────────────────────────────────────────────────────────╮"
"│alice                                                                         │"
"╰──────────────────────────────────────────────────────────────────────────────╯"
" F1/? Help • Esc Close • n/N Next/Prev • Ctrl+F Edit Search • / Edit Search     "
