---
source: src/app/app_render_tests/basic_ui_tests.rs
assertion_line: 158
expression: output
---
"╭ Object ───────────────── L1-3/3 (0%) ╮"
"│{                                     │"
"│  "name": "Alice"                     │"
"│}                                     │"
"│                                      │"
"╰──────────────────────────────────────╯"
"╭ Query [INSERT] ─ Ctrl+A AI Assistant ╮"
"│                                      │"
"╰ • Ctrl+P Previous Query • Ctrl+N Next╯"
" F1 Help • Ctrl+S Snippets • Ctrl+F Sear"
