---
source: src/app/app_render_tests/popup_tests.rs
assertion_line: 150
expression: output
---
"╭ Object ──────────────────────────────────────────────────────────────────────╮"
"│{                                                                             │"
"│  "name": "Alice",                                                            │"
"│  "age": 30                                                                   │"
"│}                                                                             │"
"│                                                                              │"
"│                                                                              │"
"│                                                                              │"
"│                                                                              │"
"│                                                                              │"
"│                                                                              │"
"│                                                                              │"
"│                                                                              │"
"│                                                                              │"
"│                                                                              │"
"│ ╭ Suggestions ───────────╮                                                   │"
"│ │  keys [function]       │                                                   │"
"│ │  name [field: String]  │                                                   │"
"│ │  .[]  [iterator]       │                                                   │"
"╰─╰────────────────────────╯────────────────────────────────────── L1-4/4 (0%) ╯"
"╭ Query [INSERT] ───────────────────────────────────────── Ctrl+A AI Assistant ╮"
"│                                                                              │"
"╰t+Tab Navigate Results • Ctrl+P Previous Query • Ctrl+N Next Query • Ctrl+R Hi╯"
" F1 Help • Ctrl+S Snippets • Ctrl+F Search • Enter Output Result • Ctrl+Q Output"
