---
source: src/app/app_render_tests/basic_ui_tests.rs
expression: output
---
"╭ Object ──────────────────────────────────────────────────────────────────────────────────────────────────────────────╮"
"│{                                                                                                                     │"
"│  "name": "Alice"                                                                                                     │"
"│}                                                                                                                     │"
"│                                                                                                                      │"
"│                                                                                                                      │"
"│                                                                                                                      │"
"│                                                                                                                      │"
"│                                                                                                                      │"
"│                                                                                                                      │"
"│                                                                                                                      │"
"│                                                                                                                      │"
"│                                                                                                                      │"
"│                                                                                                                      │"
"│                                                                                                                      │"
"│                                                                                                                      │"
"│                                                                                                                      │"
"│                                                                                                                      │"
"│                                                                                                                      │"
"│                                                                                                                      │"
"│                                                                                                                      │"
"│                                                                                                                      │"
"│                                                                                                                      │"
"│                                                                                                                      │"
"│                                                                                                                      │"
"╰───────────────────────────────────────────────────────────────────────────────────────────────────────── L1-3/3 (0%) ╯"
"╭ Query [INSERT] ───────────────────────────────────────────────────────────────────────────────── Ctrl+A AI Assistant ╮"
"│                                                                                                                      │"
"╰────────────── Shift+Tab Navigate Results • Ctrl+P Previous Query • Ctrl+N Next Query • Ctrl+R History ───────────────╯"
" F1 Help • Ctrl+S Snippets • Ctrl+F Search • Enter Output Result • Ctrl+O Copy Result • Ctrl+Q Output Query • Ctrl+C Qui"
