---
source: src/app/app_render_tests/popup_tests.rs
assertion_line: 74
expression: output
---
"╭ Object ──────────────────────────────────────────────────────────────────────╮"
"│{                                                                             │"
"│  "t╭ Keyboard Shortcuts ────────────────────────────────────────────────╮    │"
"│}   │1:Global   2:Input   3:Result   4:History   [5:AI]   6:Search   7:Sn│    │"
"│    │────────────────────────────────────────────────────────────────────│    │"
"│    │                                                                    │    │"
"│    │     Ctrl+A         Toggle AI assistant                             │    │"
"│    │     Alt+1-5        Apply AI suggestion (direct)                    │    │"
"│    │     Alt+↑↓/j/k     Navigate suggestions                            │    │"
"│    │     Enter          Apply selected suggestion                       │    │"
"│    │                                                                    │    │"
"│    │                                                                    │    │"
"│    │                                                                    │    │"
"│    │                                                                    │    │"
"│    │                                                                    │    │"
"│    │                                                                    │    │"
"│    │                                                                    │    │"
"│    │                                                                    │    │"
"│    │                                                                    │    │"
"╰────│                                                                    │0%) ╯"
"╭ Que│                                                                    │ant ╮"
"│    ╰───── 1-7 Jump • Tab Next • h/l Switch • j/k Scroll • q Close ──────╯    │"
"╰t+Tab Navigate Results • Ctrl+P Previous Query • Ctrl+N Next Query • Ctrl+R Hi╯"
" F1 Help • Ctrl+S Snippets • Ctrl+F Search • Enter Output Result • Ctrl+Q Output"
