---
source: src/app/app_render_tests/popup_tests.rs
assertion_line: 100
expression: output
---
"╭ Object ───────────────────────────────────────────────────────── L1-4/4 (0%) ╮"
"│{                                                                             │"
"│  "name": "Alice",                                                            │"
"│  "age": 30                                                                   │"
"│}                                                                             │"
"│                                                                              │"
"│                                                                              │"
"│                                                                              │"
"│                                                                              │"
"│                                                                              │"
"│                                                                              │"
"│                                                                              │"
"│                                                                              │"
"│                                                                              │"
"│                                                                              │"
"│ ╭ Suggestions ───────────────╮                                               │"
"│ │  select(expr)  [function]  │                                               │"
"│ │  sort          [function]  │                                               │"
"│ │  sort_by(expr) [function]  │                                               │"
"╰─╰────────────────────────────╯───────────────────────────────────────────────╯"
"╭ Query [INSERT] ───────────────────────────────────────── Ctrl+A AI Assistant ╮"
"│                                                                              │"
"╰l+T Navigate Results • Ctrl+P Previous Query • Ctrl+N Next Query • Ctrl+R Hist╯"
" F1 Help • Ctrl+S Snippets • Ctrl+F Search • Enter Output Result • Ctrl+O Copy R"
