---
source: src/app/app_render_tests/search_tests.rs
assertion_line: 56
expression: output
---
"╭ Array [3 objects]  · .[0].name ──────────────────────────────────────────────╮"
"▌[                                                                             │"
"│  {                                                                           │"
"│    "name": "alice"                                                           │"
"│  },                                                                          │"
"│  {                                                                           │"
"│    "name": "bob"                                                             │"
"│  },                                                                          │"
"│  {                                                                           │"
"│    "name": "alice"                                                           │"
"│  }                                                                           │"
"│]                                                                             │"
"│                                                                              │"
"│                                                                              │"
"│                                                                              │"
"│                                                                              │"
"│                                                                              │"
"│                                                                              │"
"│                                                                              │"
"╰─────────────────────────────────────────────────────────────── L1-11/11 (0%) ╯"
"╭ Search ─────────────────────────────────────────────────────────────   1/2   ╮"
"│alice                                                                         │"
"╰────────────────── Enter Confirm • Tab Confirm • Esc Close ───────────────────╯"
" F1/? Help • Esc Close • Enter Confirm Search                                   "
