---
source: src/app/app_render_tests/search_tests.rs
expression: output
---
"╭   ⚠ No Matches    Object ─────────────────────────────────────── L1-4/4 (0%) ╮"
"▌{                                                                             │"
"│  "name": "Alice",                                                            │"
"│  "age": 30                                                                   │"
"│}                                                                             │"
"│                                                                              │"
"│                                                                              │"
"│                                                                              │"
"│                                                                              │"
"│                                                                              │"
"│                                                                              │"
"│                                                                              │"
"│                                                                              │"
"│                                                                              │"
"│                                                                              │"
"│                                                                              │"
"│                                                                              │"
"│                                                                              │"
"│                                                                              │"
"╰───────────────────────────────── > Drill in ─────────────────────────────────╯"
"╭ Search ─────────────────────────────────────────────────────────────   0/0   ╮"
"│xyz                                                                           │"
"╰─────────────────── Enter Confirm • > Drill in • Esc Close ───────────────────╯"
" F1/? Help • Esc Close • Enter Confirm Search                                   "
