---
source: src/app/app_render_tests/search_tests.rs
assertion_line: 109
expression: output
---
"╭ Array [3 objects]  · .[0].email ─────────────────────────────────────────────╮"
"▌[                                                                             │"
"│  {                                                                           │"
"│    "name": "alice",                                                          │"
"│    "email": "alice@test.com"                                                 │"
"│  },                                                                          │"
"│  {                                                                           │"
"│    "name": "bob"                                                             │"
"│  },                                                                          │"
"│  {                                                                           │"
"│    "name": "alice"                                                           │"
"│  }                                                                           │"
"│]                                                                             │"
"│                                                                              │"
"│                                                                              │"
"│                                                                              │"
"│                                                                              │"
"│                                                                              │"
"│                                                                              │"
"╰─────────────────────────────────────────────────────────────── L1-12/12 (0%) ╯"
"╭ Search ─────────────────────────────────────────────────────────────   2/3   ╮"
"│alice                                                                         │"
"╰────────────────── Enter Confirm • Tab Confirm • Esc Close ───────────────────╯"
" F1/? Help • Esc Close • Enter Confirm Search                                   "
