---
source: src/app/app_render_tests/search_tests.rs
assertion_line: 209
expression: output
---
"╭ Object  · .name ──────────────────────────────────────────────── L1-4/4 (0%) ╮"
"▌{                                                                             │"
"│  "name": "Alice",                                                            │"
"│  "email": "alice@example.com"                                                │"
"│}                                                                             │"
"│                                                                              │"
"│                                                                              │"
"│                                                                              │"
"│                                                                              │"
"│                                                                              │"
"│                                                                              │"
"│                                                                              │"
"│                                                                              │"
"│                                                                              │"
"│                                                                              │"
"│                                                                              │"
"│                                                                              │"
"│                                                                              │"
"│                                                                              │"
"╰─────────── > value • * iterate • ^ parent • } wrap • ]/[ siblings ───────────╯"
"╭ Search ─────────────────────────────────────────────────────────────   1/2   ╮"
"│alice                                                                         │"
"╰──── Enter Confirm • > value • * iterate • ^ parent • } wrap • Esc Close ─────╯"
" F1/? Help • Esc Close • Enter Confirm Search                                   "
