---
source: src/app/app_render_tests/search_tests.rs
assertion_line: 209
expression: output
---
"╭ Object  · .name ─────────────────────────────────────────────────────────────╮"
"▌{                                                                             │"
"│  "name": "Alice",                                                            │"
"│  "email": "alice@example.com"                                                │"
"│}                                                                             │"
"│                                                                              │"
"│                                                                              │"
"│                                                                              │"
"│                                                                              │"
"│                                                                              │"
"│                                                                              │"
"│                                                                              │"
"│                                                                              │"
"│                                                                              │"
"│                                                                              │"
"│                                                                              │"
"│                                                                              │"
"│                                                                              │"
"│                                                                              │"
"╰───────────────────────────────────────────────────────────────── L1-4/4 (0%) ╯"
"╭ Search ─────────────────────────────────────────────────────────────   1/2   ╮"
"│alice                                                                         │"
"╰────────────────── Enter Confirm • Tab Confirm • Esc Close ───────────────────╯"
" F1/? Help • Esc Close • Enter Confirm Search                                   "
