---
source: src/app/app_render_tests/popup_tests.rs
expression: output
---
"┌ Object ───────────────────────────────────────────────────────── L1-3/3 (0%) ┐"
"│{     ┌ Keyboard Shortcuts ───────────────────────────────────────────┐       │"
"│  "tes│  Global     Input     Results     Search     Popups    [AI]   │       │"
"│}     │───────────────────────────────────────────────────────────────│       │"
"│      │  Ctrl+A         Toggle AI assistant                           │       │"
"│      │  Alt+1-5        Apply AI suggestion (direct)                  │       │"
"│      │  Alt+↑↓/j/k     Navigate suggestions                          │       │"
"│      │  Enter          Apply selected suggestion                     │       │"
"│      │                                                               │       │"
"│      │                                                               │       │"
"│      │                                                               │       │"
"│      │                                                               │       │"
"│      │                                                               │       │"
"│      │                                                               │       │"
"│      │                                                               │       │"
"│      │                                                               │       │"
"│      │                                                               │       │"
"│      │                                                               │       │"
"│      │                                                               │       │"
"└──────│                                                               │───────┘"
"┌ Query│                                                               │istant ┐"
"│      │      h/l: tab | j/k: scroll | g/G: top/bottom | q: close      │       │"
"└──────└───────────────────────────────────────────────────────────────┘───────┘"
" F1: Help | Shift+Tab: Switch Pane | Ctrl+S: Snippets | Ctrl+P/N: Cycle History "
