---
source: src/app/app_render_tests/basic_ui_tests.rs
assertion_line: 70
expression: output
---
"╭ Object ───────────────────────────────────────────────────────── L1-3/3 (0%) ╮"
"│{                                                                             │"
"│  "test": true                                                                │"
"│}                                                                             │"
"│                                                                              │"
"│                                                                              │"
"│                                                                              │"
"│                                                                              │"
"│                                                                              │"
"│                                                                              │"
"│                                                                              │"
"│                                                                              │"
"│                                                                              │"
"│                                                                              │"
"│                                                                              │"
"│                                                                              │"
"│                                                                              │"
"│                                                                              │"
"│                                                                              │"
"╰──────────────────────────────────────────────────────────────────────────────╯"
"╭ Query [INSERT] ───────────────────────────────────────── Ctrl+A AI Assistant ╮"
"│                                                                              │"
"╰t+Tab Navigate Results • Ctrl+P Previous Query • Ctrl+N Next Query • Ctrl+R Hi╯"
" F1 Help • Ctrl+S Snippets • Ctrl+F Search • Enter Output Result • Ctrl+Q Output"
