---
source: src/app/app_render_tests/popup_tests.rs
expression: output
---
"┌ Obj┌ Keyboard Shortcuts ────────────────────────────────────────────────┐0%) ┐"
"│{   │                                                                    │    │"
"│  "t│  ── GLOBAL ──                                                      │    │"
"│}   │  F1 or ?        Toggle this help                                   │    │"
"│    │  Ctrl+A         Toggle AI assistant                                │    │"
"│    │  Ctrl+S         Open snippets manager                              │    │"
"│    │  Ctrl+C         Quit without output                                │    │"
"│    │  Enter          Output filtered JSON and exit                      │    │"
"│    │  Ctrl+Q         Output query string only and exit                  │    │"
"│    │  Shift+Tab      Switch focus (Input / Results)                     │    │"
"│    │  q              Quit (in Normal mode or Results pane)              │    │"
"│    │                                                                    │    │"
"│    │  ── INPUT: INSERT MODE ──                                          │    │"
"│    │  Esc            Switch to Normal mode                              │    │"
"│    │  ↑/Ctrl+R       Open history popup                                 │    │"
"│    │  Ctrl+P/N       Previous/Next query in history                     │    │"
"│    │  Ctrl+D/U       Scroll results half page down/up                   │    │"
"│    │                                                                    │    │"
"│    │  ── INPUT: NORMAL MODE ──                                          │    │"
"└────│  i/a/I/A        Enter Insert mode                                  │────┘"
"┌ Que│  h/l            Move cursor left/right                             │ant ┐"
"│    │  0/^/$          Jump to start/end of line                          │    │"
"└────│  w/b/e          Word navigation                                    │────┘"
" F1: └────────────────────────────────────────────────────────────────────┘tory "
