---
source: src/app/app_render_tests/paste_recovery_render_tests.rs
expression: output
---
"╭ No JSON loaded ──────────────────────────────────────────────────────────────╮"
"│ No input provided. Clipboard does not contain valid JSON.                    │"
"│                                                                              │"
"│ Paste JSON below and press Enter to load.                                    │"
"│                                                                              │"
"│                                                                              │"
"╰──────────────────────────────────────────────────────────────────────────────╯"
"╭ Paste JSON [NORMAL] (press 'i' to edit) ─────────────────────────────────────╮"
"│{"a":1}                                                                       │"
"│                                                                              │"
"│                                                                              │"
"│                                                                              │"
"│                                                                              │"
"│                                                                              │"
"│                                                                              │"
"│                                                                              │"
"│                                                                              │"
"│                                                                              │"
"│                                                                              │"
"│                                                                              │"
"│                                                                              │"
"│                                                                              │"
"│                                                                              │"
"╰────────── Enter Load JSON • i Insert • Ctrl+X Clear • Ctrl+C Quit ───────────╯"
