---
source: src/app/app_render_tests/search_tests.rs
assertion_line: 81
expression: output
---
"╭   ⚠ No Matches    Object ─────────────────────────────────────── L1-4/4 (0%) ╮"
"▌{                                                                             │"
"│  "name": "Alice",                                                            │"
"│  "age": 30                                                                   │"
"│}                                                                             │"
"│                                                                              │"
"│                                                                              │"
"│                                                                              │"
"│                                                                              │"
"│                                                                              │"
"│                                                                              │"
"│                                                                              │"
"│                                                                              │"
"│                                                                              │"
"│                                                                              │"
"│                                                                              │"
"│                                                                              │"
"│                                                                              │"
"│                                                                              │"
"╰─────────── > value • * iterate • ^ parent • } wrap • ]/[ siblings ───────────╯"
"╭ Search ─────────────────────────────────────────────────────────────   0/0   ╮"
"│xyz                                                                           │"
"╰──── Enter Confirm • > value • * iterate • ^ parent • } wrap • Esc Close ─────╯"
" F1/? Help • Esc Close • Enter Confirm Search                                   "
