---
source: src/app/app_render_tests/render_routing_tests.rs
expression: output
---
"╭ Choose JSON input source ────────────────────────────────────────────────────╮"
"│  ▶ Clipboard                                                                 │"
"│    Paste                                                                     │"
"╰───────────────────── Enter Load • ↑/↓ Switch • Esc Quit ─────────────────────╯"
"╭ Clipboard preview ───────────────────────────────────────────────────────────╮"
"│ {"a":1}                                                                      │"
"│                                                                              │"
"│                                                                              │"
"│                                                                              │"
"│                                                                              │"
"│                                                                              │"
"│                                                                              │"
"│                                                                              │"
"│                                                                              │"
"│                                                                              │"
"│                                                                              │"
"│                                                                              │"
"│                                                                              │"
"│                                                                              │"
"│                                                                              │"
"│                                                                              │"
"│                                                                              │"
"│                                                                              │"
"╰──────────────────────────────────────────────────────────────────────────────╯"
