---
source: src/app/app_render_tests/popup_tests.rs
assertion_line: 314
expression: output
---
"╭ Object ───────────────────────────────────────────────────────────────────────────────────────────────── L1-4/4 (0%) ╮"
"│{                                                                                                                     │"
"│  "name": "Alice",                                                                                                    │"
"│  "age": 30                                                                                                           │"
"│}                                                                                                                     │"
"│                                                                                                                      │"
"│                                                                                                                      │"
"│                                                                                                                      │"
"│                                                                                                                      │"
"│                                                                                                                      │"
"│                                                                                                                      │"
"│                                                                                                                      │"
"│                                                                                                                      │"
"│                                                               ╭ fn: map ───────────────────────────────────────────╮ │"
"│                                                               │                                                    │ │"
"│                                                               │ Apply expression to each element of an array       │ │"
"│                                                               │                                                    │ │"
"│                                                               │   map(.name)           │ extract field from each   │ │"
"│                                                               │   map(. + 1)           │ increment each number     │ │"
"│                                                               │   map(select(.active)) │ filter to active items    │ │"
"│                                                               │   map({id, name})      │ reshape each object       │ │"
"│ ╭ Suggestions ───────────────╮                                │                                                    │ │"
"│ │  select(expr)  [function]  │                                │ 💡 Use [.[] | expr] for same result - less memory  │ │" Hidden by multi-width symbols: [(67, " ")]
"│ │  sort          [function]  │                                │    for large arrays                                │ │"
"│ │  sort_by(expr) [function]  │                                │                                                    │ │"
"╰─╰────────────────────────────╯────────────────────────────────╰────────────────── Ctrl+T Dismiss ──────────────────╯─╯"
"╭ Query [INSERT] ───────────────────────────────────────────────────────────────────────────────── Ctrl+A AI Assistant ╮"
"│                                                                                                                      │"
"╰────────────── Shift+Tab Navigate Results • Ctrl+P Previous Query • Ctrl+N Next Query • Ctrl+R History ───────────────╯"
" F1 Help • Ctrl+S Snippets • Ctrl+F Search • Enter Output Result • Ctrl+Q Output Query • Ctrl+C Quit                    "
