---
source: src/app/app_render_tests/search_tests.rs
assertion_line: 184
expression: output
---
"╭ Object  · .very_long_field ──────────────────────────────────────────────────╮"
"▌                                                                              │"
"│                                                                              │"
"│                                                                     match_he │"
"│                                                                              │"
"│                                                                              │"
"│                                                                              │"
"│                                                                              │"
"│                                                                              │"
"│                                                                              │"
"│                                                                              │"
"│                                                                              │"
"│                                                                              │"
"│                                                                              │"
"│                                                                              │"
"│                                                                              │"
"│                                                                              │"
"│                                                                              │"
"│                                                                              │"
"╰────────────── n/N Next/Prev • Enter Next • > value • * iterate ─────   1/1   ╯"
"╭ Search ──────────────────────────────────────────────────────────────────────╮"
"│match_here                                                                    │"
"╰──────────────────────────────────────────────────────────────────────────────╯"
" F1/? Help • Esc Close • n/N Next/Prev • Ctrl+F Edit Search • / Edit Search     "
