---
source: src/app/app_render_tests/processing_tests.rs
expression: output
---
"╭⠙ Object ─────────────────────────────────────────────────────────────────────╮"
"│{                                                                             │"
"│  "name": "Alice",                                                            │"
"│  "age": 30                                                                   │"
"│}                                                                             │"
"│                                                                              │"
"│                                                                              │"
"│                                                                              │"
"│                                                                              │"
"│                                                                              │"
"│                                                                              │"
"│                                                                              │"
"│                                                                              │"
"│                                                                              │"
"│                                                                              │"
"│                                                                              │"
"│                                                                              │"
"│                                                                              │"
"│                                                                              │"
"╰───────────────────────────────────────────────────────────────── L1-4/4 (0%) ╯"
"╭ Query [INSERT] ───────────────────────────────────────── Ctrl+A AI Assistant ╮"
"│.name                                                                         │"
"╰─── Shift+Tab Navigate Results • Enter Output Result • Ctrl+Q Output Query ───╯"
" F1 Help • Ctrl+S Snippets • Ctrl+F Search • Enter Output Result • Ctrl+O Copy R"
