---
source: src/app/app_render_tests/popup_tests.rs
expression: output
---
"╭ Object ──────────────────────────────────────────────────────────────────────╮"
"│{                                                                             │"
"│  "t╭ Keyboard Shortcuts ────────────────────────────────────────────────╮    │"
"│}   │[1:Global]   2:Input   3:Result   4:History   5:AI   6:Search   7:Sn█    │"
"│    │────────────────────────────────────────────────────────────────────█    │"
"│    │                                                                    █    │"
"│    │     F1 or ?        Toggle this help                                █    │"
"│    │     Ctrl+A         Toggle AI assistant                             █    │"
"│    │     Ctrl+S         Open snippets manager                           █    │"
"│    │     Ctrl+C         Quit without output                             █    │"
"│    │     Enter          Output filtered JSON and exit                   █    │"
"│    │     Ctrl+Q         Output query string only and exit               █    │"
"│    │     Shift+Tab      Switch focus (Input / Results)                  █    │"
"│    │     Ctrl+Y         Copy focused pane (query or results)            █    │"
"│    │     Ctrl+O         Copy results from any focus                     █    │"
"│    │     Ctrl+W         Save result to file                             █    │"
"│    │     q              Quit (in Normal mode or Results pane)           ║    │"
"│    │     Ctrl+E         Toggle error overlay                            ║    │"
"│    │                                                                    ║    │"
"╰────│     ── PASTE RECOVERY (no input on launch) ──                      ║0%) ╯"
"╭ Que│                                                                    ║ant ╮"
"│    ╰───── 1-7 Jump • Tab Next • h/l Switch • j/k Scroll • q Close ──────╯    │"
"╰t+Tab Navigate Results • Ctrl+P Previous Query • Ctrl+N Next Query • Ctrl+R Hi╯"
" F1 Help • Ctrl+S Snippets • Ctrl+F Search • Enter Output Result • Ctrl+O Copy R"
