---
source: src/app/app_render_tests/popup_tests.rs
expression: output
---
"╭ Object ──────────────────────────────────────────────────────────────────────────────────────────────────────────────╮"
"│{                                                                                                                     │"
"│  "name": "Alice",                                                                                                    │"
"│  "age": 30                                                                                                           │"
"│}                                                                                                                     │"
"│                                                                                                                      │"
"│                                                                                                                      │"
"│                                                                                                                      │"
"│                                                                                                                      │"
"│                                                                                                                      │"
"│                                                                                                                      │"
"│                                                                                                                      │"
"│                                                                                                                      │"
"│                                                            ╭ fn: sort_by ──────────────────────────────────────────╮ │"
"│                                                            │                                                       │ │"
"│                                                            │ Sort array elements by a computed value               │ │"
"│                                                            │                                                       │ │"
"│                                                            │   sort_by(.name)             │ sort by field          │ │"
"│                                                            │   sort_by(.date) | reverse   │ sort descending        │ │"
"│                                                            │   sort_by(-.price)           │ descending (cleaner)   │ │"
"│                                                            │   sort_by(.price | tonumber) │ ensure numeric         │ │"
"│                                                            │                                                       │ │"
"│                                                            │ 💡 Use sort_by(-.field) instead of sort_by(.field) |  │ │" Hidden by multi-width symbols: [(64, " ")]
"│                                                            │    reverse                                            │ │"
"│                                                            │                                                       │ │"
"╰────────────────────────────────────────────────────────────╰─────────────────── Ctrl+T Dismiss ────────────────────╯ ╯"
"╭ Query [INSERT] ───────────────────────────────────────────────────────────────────────────────── Ctrl+A AI Assistant ╮"
"│                                                                                                                      │"
"╰────────────── Shift+Tab Navigate Results • Ctrl+P Previous Query • Ctrl+N Next Query • Ctrl+R History ───────────────╯"
" F1 Help • Ctrl+S Snippets • Ctrl+F Search • Enter Output Result • Ctrl+O Copy Result • Ctrl+W Save • Ctrl+Q Output Quer"
