---
source: src/app/app_render_tests/search_tests.rs
expression: output
---
"╭ Object  · .name ────────────────────────────────────────────────────   1/2   ╮"
"▌{                                                                             │"
"│  "name": "Alice",                                                            │"
"│  "email": "alice@example.com"                                                │"
"│}                                                                             │"
"│                                                                              │"
"│                                                                              │"
"│                                                                              │"
"│                                                                              │"
"│                                                                              │"
"│                                                                              │"
"│                                                                              │"
"│                                                                              │"
"│                                                                              │"
"│                                                                              │"
"│                                                                              │"
"│                                                                              │"
"│                                                                              │"
"│                                                                              │"
"╰──── n/N Next/Prev • Enter Next • > value • * iterate • ^ parent • } wrap ────╯"
"╭ Search ──────────────────────────────────────────────────────────────────────╮"
"│alice                                                                         │"
"╰──────────────────────────────────────────────────────────────────────────────╯"
" F1/? Help • Esc Close • n/N Next/Prev • Ctrl+F Edit Search • / Edit Search     "
