---
source: src/app/app_render_tests/search_tests.rs
assertion_line: 184
expression: output
---
"╭ Object  · .very_long_field ───────────────────────────────────── L1-4/4 (0%) ╮"
"▌                                                                              │"
"│                                                                              │"
"│                                                                     match_he │"
"│                                                                              │"
"│                                                                              │"
"│                                                                              │"
"│                                                                              │"
"│                                                                              │"
"│                                                                              │"
"│                                                                              │"
"│                                                                              │"
"│                                                                              │"
"│                                                                              │"
"│                                                                              │"
"│                                                                              │"
"│                                                                              │"
"│                                                                              │"
"│                                                                              │"
"╰ Enter Next • > value • * iterate • ^ parent • } wrap • ]/[ siblings • Ctrl+F ╯"
"╭ Search ──────────────────────────────────────────────────────────────────────╮"
"│match_here                                                                    │"
"╰──────────────────────────────────────────────────────────────────────────────╯"
" F1/? Help • Esc Close • n/N Next/Prev • Ctrl+F Edit Search • / Edit Search     "
