---
source: src/app/app_render_tests/popup_tests.rs
assertion_line: 211
expression: output
---
"╭ Object ───────────────────────────────────────────────────────────────────────────────────────────────── L1-4/4 (0%) ╮"
"│{                                                                                                                     │"
"│  "name": "Alice",                                                                                                    │"
"│  "age": 30                                                                                                           │"
"│}                                                                                                                     │"
"│                                                                                                                      │"
"│                                                                                                                      │"
"│                                                                                                                      │"
"│                                                                                                                      │"
"│                                                                                                                      │"
"│                                                                                                                      │"
"│                                                                                                                      │"
"│                                                                                                                      │"
"│                                             ╭ operator: // ────────────────────────────────────────────────────────╮ │"
"│                                             │                                                                      │ │"
"│                                             │ Alternative operator - returns right side if left is null or false   │ │"
"│                                             │                                                                      │ │"
"│                                             │   .name // "anonymous" │ default for null/missing                    │ │"
"│                                             │   .count // 0          │ default number                              │ │"
"│                                             │   .config // {}        │ default empty object                        │ │"
"│                                             │   (.x // .y) // .z     │ chain alternatives                          │ │"
"│                                             │                                                                      │ │"
"│                                             │ 💡 Only triggers on null/false - use 'if . == "" then ... end' for   │ │" Hidden by multi-width symbols: [(49, " ")]
"│                                             │    empty strings                                                     │ │"
"│                                             │                                                                      │ │"
"╰─────────────────────────────────────────────╰─────────────────────────── Ctrl+I Dismiss ───────────────────────────╯─╯"
"╭ Query [INSERT] ───────────────────────────────────────────────────────────────────────────────── Ctrl+A AI Assistant ╮"
"│                                                                                                                      │"
"╰──────────────── Ctrl+T Navigate Results • Ctrl+P Previous Query • Ctrl+N Next Query • Ctrl+R History ────────────────╯"
" F1 Help • Ctrl+S Snippets • Ctrl+F Search • Enter Output Result • Ctrl+O Copy Result • Ctrl+W Save • Ctrl+Q Output Quer"
