---
source: src/app/app_render_tests/popup_tests.rs
assertion_line: 350
expression: output
---
"╭ History (20/20) ─────────────────────────────────────────────────────────────╮"
"│                                                                              ║"
"│   .query05                                                                   ║"
"│   .query06                                                                   ║"
"│   .query07                                                                   ║"
"│   .query08                                                                   █"
"│   .query09                                                                   █"
"│   .query10                                                                   █"
"│   .query11                                                                   █"
"│   .query12                                                                   █"
"│   .query13                                                                   █"
"│   .query14                                                                   █"
"│   .query15                                                                   █"
"│   .query16                                                                   █"
"│   .query17                                                                   █"
"│   .query18                                                                   █"
"╰────────────────── Enter Select • Ctrl+D Delete • Esc Close ──────────────────╯"
"╭ Search ──────────────────────────────────────────────────────────────────────╮"
"│                                                                              │"
"╰──────────────────────────────────────────────────────────────────────────────╯"
"╭ Query [INSERT] ───────────────────────────────────────── Ctrl+A AI Assistant ╮"
"│                                                                              │"
"╰l+T Navigate Results • Ctrl+P Previous Query • Ctrl+N Next Query • Ctrl+R Hist╯"
" F1 Help • Ctrl+S Snippets • Ctrl+F Search • Enter Output Result • Ctrl+O Copy R"
