---
source: src/app/app_render_tests/search_tests.rs
expression: output
---
"┌ Object ───────────────────────────────────────────────────────── L1-4/4 (0%) ┐"
"│                                                                              │"
"│                                                                              │"
"│                                                                     match_her│"
"│                                                                              │"
"│                                                                              │"
"│                                                                              │"
"│                                                                              │"
"│                                                                              │"
"│                                                                              │"
"│                                                                              │"
"│                                                                              │"
"│                                                                              │"
"│                                                                              │"
"│                                                                              │"
"│                                                                              │"
"│                                                                              │"
"│                                                                              │"
"│                                                                              │"
"└──────────────────────────────────────────────────────────────────────────────┘"
"┌ Search: ────────────────────────────────────────────────────────────── (1/1) ┐"
"│match_here                                                                    │"
"└──────────────────────────────────────────────────────────────────────────────┘"
" F1/?: Help | Shift+Tab: Switch Pane | Ctrl+S: Snippets | Enter: Output Result |"
