---
source: src/app/app_render_tests/basic_ui_tests.rs
expression: output
---
"╭   ⚠ Syntax Error   Number | Showing last successful result ──────────────────╮"
"│5                                                                             │"
"│                                                                              │"
"│                                                                              │"
"│                                                                              │"
"│                                                                              │"
"│                                                                              │"
"│                                                                              │"
"│                                                                              │"
"│                                                                              │"
"│                                                                              │"
"│                                                                              │"
"│                                                                              │"
"│                                                                              │"
"│ ╭ Syntax Error ────────────────────────────────────────────────────────────╮ │"
"│ │                                                                          │ │"
"│ │ jq: error (at <stdin>:0): Cannot index number with string "foo"          │ │"
"│ │                                                                          │ │"
"│ ╰────────────────────────────── Ctrl+E Close ──────────────────────────────╯ │"
"╰───────────────────────────────────────────────────────────────── L1-1/1 (0%) ╯"
"╭ Query [INSERT] ───────────────────────────────────────── Ctrl+A AI Assistant ╮"
"│.foo                                                                          │"
"╰─────────────── Shift+Tab Navigate Results • Ctrl+E Show Error ───────────────╯"
" F1 Help • Ctrl+S Snippets • Ctrl+F Search • Enter Output Result • Ctrl+O Copy R"
