---
source: src/notification/notification_render.rs
expression: output
---
"                                                                                "
"                                                                                "
"                                                           ┌─────────────────┐  "
"                                                           │ Custom warning! │  "
"                                                           └─────────────────┘  "
"                                                                                "
"                                                                                "
"                                                                                "
"                                                                                "
"                                                                                "
"                                                                                "
"                                                                                "
"                                                                                "
"                                                                                "
"                                                                                "
"                                                                                "
"                                                                                "
"                                                                                "
"                                                                                "
"                                                                                "
"                                                                                "
"                                                                                "
"                                                                                "
"                                                                                "
