---
source: src/autocomplete/autocomplete_render_tests.rs
expression: output
---
"                                                                                "
"                                                                                "
"                                                                                "
"                                                                                "
"                                                                                "
"                                                                                "
"                                                                                "
"  ┌ Suggestions ──────────────┐                                                 "
"  │► name    [field: String]  │                                                 "
"  │  age     [field: Number]  │                                                 "
"  │  active  [field: Boolean] │                                                 "
"  └───────────────────────────┘                                                 "
"                                                                                "
"                                                                                "
"                                                                                "
