---
source: src/autocomplete/autocomplete_render_tests.rs
expression: output
---
"                                                                                "
"                                                                                "
"                                                                                "
"                                                                                "
"                                                                                "
"                                                                                "
"                                                                                "
"  ┌ Suggestions ────────┐                                                       "
"  │  first   [function] │                                                       "
"  │► second  [function] │                                                       "
"  │  third   [function] │                                                       "
"  └─────────────────────┘                                                       "
"                                                                                "
"                                                                                "
"                                                                                "
