---
source: src/autocomplete/autocomplete_render_tests.rs
expression: output
---
"                                        "
"                                        "
"                                        "
"                                        "
"                                        "
"                                        "
"                                        "
"                                        "
"  ┌ Suggestions ──────────────┐         "
"  │► map(f)        [function] │         "
"  │  select(expr)  [function] │         "
"  └───────────────────────────┘         "
"                                        "
"                                        "
"                                        "
